// Jest Snapshot v1, https://goo.gl/fbAQLP

exports[`Section component renders 1`] = `
<div>
  <div
    class="first:pt-24 container text-primary py-8 last:pb-16"
  >
    Test
  </div>
</div>
`;
