// Jest Snapshot v1, https://goo.gl/fbAQLP

exports[`ProjectCard component renders 1`] = `
<div>
  <a
    href="/#project"
  >
    <div
      class="group overflow-hidden rounded-2xl border-2 border-white shadow drop-shadow-lg cursor-pointer"
    >
      <div
        class="opacity-0 transition-opacity duration-1000"
      >
        <div
          class="w-full"
        >
          <img
            alt="Alt Text"
            data-nimg="1"
            decoding="async"
            height="100"
            loading="lazy"
            src="/_next/image?url=%2F%23image&w=256&q=75"
            srcset="/_next/image?url=%2F%23image&w=128&q=75 1x, /_next/image?url=%2F%23image&w=256&q=75 2x"
            style="color: transparent; background-size: cover; background-position: 50% 50%; background-repeat: no-repeat;"
            width="100"
          />
        </div>
        <div
          class="text-white p-4 font-bold group-hover:brightness-125 group-focus:brightness-125 bg-nav-light"
        >
          <div
            class="flex justify-between items-center"
          >
            <p
              class="text-sm opacity-80"
            >
              <time
                datetime="2022-04"
              >
                April 2022
              </time>
            </p>
            <div
              class="brightness-200 text-xs px-4 py-0.5 h-8 leading-chip rounded-2xl font-extrabold text-chip bg-chip-light"
            >
              Haskell
            </div>
          </div>
        </div>
      </div>
    </div>
  </a>
</div>
`;
