// Jest Snapshot v1, https://goo.gl/fbAQLP

exports[`UniModuleList component renders 1`] = `
<div>
  <div
    class="flex flex-row align-middle my-8"
  >
    <div
      class="flex items-center justify-center w-12"
    >
      <h3
        class="text-xl text-center -rotate-90 whitespace-nowrap"
      >
        Year 3
      </h3>
    </div>
    <ul
      class="list-none pl-4 py-4 border-l-2 rounded-xl"
    >
      <li>
        Machine Learning
      </li>
    </ul>
  </div>
</div>
`;
