// Jest Snapshot v1, https://goo.gl/fbAQLP

exports[`ProjectChip component renders 1`] = `
<div>
  <div
    class="brightness-200 text-xs px-4 py-0.5 h-8 leading-chip rounded-2xl font-extrabold text-chip bg-chip-light"
  >
    C++
  </div>
</div>
`;
