// Jest Snapshot v1, https://goo.gl/fbAQLP

exports[`TimelineNode component renders 1`] = `
<div>
  <div
    class="flex items-center justify-end h-48"
  >
    <div
      class="opacity-0 transition-opacity duration-1000"
    >
      <div
        class="relative w-16 md:w-24 lg:w-32 mr-8"
      >
        <span
          style="box-sizing: border-box; display: inline-block; overflow: hidden; background: none; opacity: 1; border: 0px; margin: 0px; padding: 0px; position: relative; max-width: 100%;"
        >
          <span
            style="box-sizing: border-box; display: block; background: none; opacity: 1; border: 0px; margin: 0px; padding: 0px; max-width: 100%;"
          >
            <img
              alt=""
              aria-hidden="true"
              src="data:image/svg+xml,%3csvg%20xmlns=%27http://www.w3.org/2000/svg%27%20version=%271.1%27%20width=%27100%27%20height=%27100%27/%3e"
              style="display: block; max-width: 100%; background: none; opacity: 1; border: 0px; margin: 0px; padding: 0px;"
            />
          </span>
          <img
            alt="Acme"
            data-nimg="intrinsic"
            decoding="async"
            src="data:image/gif;base64,R0lGODlhAQABAIAAAAAAAP///yH5BAEAAAAALAAAAAABAAEAAAIBRAA7"
            style="position: absolute; top: 0px; left: 0px; bottom: 0px; right: 0px; box-sizing: border-box; padding: 0px; margin: auto; display: block; width: 0px; height: 0px; min-width: 100%; max-width: 100%; min-height: 100%; max-height: 100%;"
          />
          <noscript />
        </span>
      </div>
    </div>
    <div
      class="mr-8 opacity-0 transition-opacity duration-1000"
    >
      <p
        class="text-3xl"
      >
        Acme
      </p>
      <p
        class="text-xl"
      >
        CEO
      </p>
      <p>
        January 2000 - Present
      </p>
    </div>
    <div
      class="h-[2px] bg-timeline w-6 max-w-[12rem] grow"
    />
  </div>
  <div
    class="hidden md:block"
  />
</div>
`;
